情報: 処理開始 [土 1月 24 13:56:49 JST 2026]
情報: 入力CSV：attendance.csv [土 1月 24 13:56:49 JST 2026]
情報: 出力CSV：result.csv [土 1月 24 13:56:49 JST 2026]
情報: 読み込み件数：2 [土 1月 24 13:56:49 JST 2026]
情報: 処理完了　件数：2 [土 1月 24 13:56:49 JST 2026]
情報: 処理開始 [土 1月 24 15:11:34 JST 2026]
情報: 入力CSV：attendance.csv [土 1月 24 15:11:34 JST 2026]
情報: 出力CSV：result.csv [土 1月 24 15:11:34 JST 2026]
情報: 読み込み件数：2 [土 1月 24 15:11:34 JST 2026]
情報: 処理完了　件数：2 [土 1月 24 15:11:34 JST 2026]
情報: 処理開始 [日 1月 25 10:28:34 JST 2026]
情報: 入力CSV：attendance.csv [日 1月 25 10:28:34 JST 2026]
情報: 出力CSV：result.csv [日 1月 25 10:28:34 JST 2026]
情報: 読み込み件数：2 [日 1月 25 10:28:34 JST 2026]
情報: 処理開始 [日 1月 25 10:32:56 JST 2026]
情報: 入力CSV：attendance.csv [日 1月 25 10:32:56 JST 2026]
情報: 出力CSV：result.csv [日 1月 25 10:32:56 JST 2026]
情報: 読み込み件数：2 [日 1月 25 10:32:56 JST 2026]
情報: 処理完了　件数：0 [日 1月 25 10:32:56 JST 2026]
情報: model.CheckResult@7a4f0f29 [日 1月 25 11:22:07 JST 2026]
情報: model.CheckResult@6aa8ceb6 [日 1月 25 11:22:07 JST 2026]
情報: model.CheckResult@46ee7fe8 [日 1月 25 15:32:15 JST 2026]
情報: model.CheckResult@7e774085 [日 1月 25 15:32:15 JST 2026]
情報: 処理開始 [土 5月 16 08:06:59 JST 2026]
情報: 1001,2025/01/01,遅刻,出勤09:10 [土 5月 16 08:06:59 JST 2026]
情報: 1002,2025/01/01,エラー,退勤時刻未入力 [土 5月 16 08:06:59 JST 2026]
警告: エラー検出：1002,2025/01/01,エラー,退勤時刻未入力 [土 5月 16 08:06:59 JST 2026]
警告: 処理終了（業務エラーあり） [土 5月 16 08:06:59 JST 2026]
情報: 処理開始 [土 5月 16 08:15:18 JST 2026]
情報: 1001,2025/01/01,遅刻,出勤09:10 [土 5月 16 08:15:18 JST 2026]
情報: 1002,2025/01/01,エラー,退勤時刻未入力 [土 5月 16 08:15:18 JST 2026]
警告: エラー検出：1002,2025/01/01,エラー,退勤時刻未入力 [土 5月 16 08:15:18 JST 2026]
警告: 処理終了（業務エラーあり） [土 5月 16 08:15:18 JST 2026]
